sample	tumor_fraction	ploidy	gender
TEST_sample1	0	1.999	female
TEST_sample3	0	2.003	male
