results/feature/FalseD25630/ichorCNA/TEST_sample1.wig
