c1	bin	normcountTEST_sample1	fpergTEST_sample1	gperhTEST_sample1	normcountTEST_sample3	fpergTEST_sample3	gperhTEST_sample3
20	1	1.2820512820512822	5.666666666666667	inf	1.0122950819672132	1.684782608695652	inf
20	2	1.2179487179487178	3.130434782608696	inf	0.9877049180327869	1.5368421052631578	inf
