sample	globlen_mean	globlen_std	globlen_med	globlen_p100_150	globlen_p160_180	globlen_p180_220	globlen_p250_320	globlen_p380_500	globlen_p500_1000	globlen_r_100150_163169	globlen_r_160180_180220	globlen_70	globlen_80	globlen_90	globlen_100	globlen_110	globlen_120	globlen_130	globlen_140	globlen_150	globlen_160	globlen_170	globlen_180	globlen_190	globlen_200	globlen_210	globlen_220	globlen_230	globlen_240	globlen_250	globlen_260	globlen_270	globlen_280	globlen_290	globlen_300	globlen_310	globlen_320	globlen_330	globlen_340	globlen_350	globlen_360	globlen_370	globlen_380	globlen_390	globlen_400	globlen_410	globlen_420	globlen_430	globlen_440	globlen_450	globlen_460	globlen_470	globlen_480	globlen_490	globlen_500	globlen_510	globlen_520	globlen_530	globlen_540	globlen_550	globlen_560	globlen_570	globlen_580	globlen_590	globlen_600	globlen_610	globlen_620	globlen_630	globlen_640	globlen_650	globlen_660	globlen_670	globlen_680	globlen_690	globlen_700	globlen_710	globlen_720	globlen_730	globlen_740	globlen_750	globlen_760	globlen_770	globlen_780	globlen_790	globlen_800	globlen_810	globlen_820	globlen_830	globlen_840	globlen_850	globlen_860	globlen_870	globlen_880	globlen_890	globlen_900	globlen_910	globlen_920	globlen_930	globlen_940	globlen_950	globlen_960	globlen_970	globlen_980
TEST_sample1	148.26553672316385	27.119445609623398	149.0	0.4146341463414634	0.23323170731707318	0.09451219512195122	0.009146341463414634	0.0	0.0	4.945454545454545	2.8333333333333335	0.04573170731707317	0.0625	0.0625	0.0625	0.07621951219512195	0.09603658536585366	0.07774390243902439	0.0899390243902439	0.0899390243902439	0.11890243902439024	0.10365853658536585	0.04420731707317073	0.01524390243902439	0.01524390243902439	0.007621951219512195	0.009146341463414634	0.001524390243902439	0.006097560975609756	0.003048780487804878	0.001524390243902439	0.001524390243902439	0.0	0.0	0.001524390243902439	0.001524390243902439	0.003048780487804878	0.003048780487804878	0.0	0.0	0.0	0.0	0.0	0.0	0.0	0.0	0.0	0.0	0.0	0.0	0.0	0.0	0.0	0.0	0.0	0.0	0.0	0.0	0.0	0.0	0.0	0.0	0.0	0.0	0.0	0.0	0.0	0.0	0.0	0.0	0.0	0.0	0.0	0.0	0.0	0.0	0.0	0.0	0.0	0.0	0.0	0.0	0.0	0.0	0.0	0.0	0.0	0.0	0.0	0.0	0.0	0.0	0.0	0.0	0.0	0.0	0.0	0.0	0.0	0.0	0.0	0.0	0.0
TEST_sample3	160.50634517766497	22.645523988043095	164.0	0.2508896797153025	0.41459074733096085	0.1512455516014235	0.002372479240806643	0.0	0.0	1.5270758122743682	2.900414937759336	0.008896797153024912	0.01720047449584816	0.03143534994068802	0.03795966785290629	0.02965599051008304	0.027283511269276393	0.05753262158956109	0.09489916963226572	0.1423487544483986	0.22182680901542112	0.1767497034400949	0.0830367734282325	0.03262158956109134	0.020166073546856466	0.0071174377224199285	0.0071174377224199285	0.0005931198102016608	0.0011862396204033216	0.0	0.0	0.0005931198102016608	0.0005931198102016608	0.0	0.0	0.0005931198102016608	0.0	0.0	0.0	0.0005931198102016608	0.0	0.0	0.0	0.0	0.0	0.0	0.0	0.0	0.0	0.0	0.0	0.0	0.0	0.0	0.0	0.0	0.0	0.0	0.0	0.0	0.0	0.0	0.0	0.0	0.0	0.0	0.0	0.0	0.0	0.0	0.0	0.0	0.0	0.0	0.0	0.0	0.0	0.0	0.0	0.0	0.0	0.0	0.0	0.0	0.0	0.0	0.0	0.0	0.0	0.0	0.0	0.0	0.0	0.0	0.0	0.0	0.0	0.0	0.0	0.0	0.0	0.0	0.0
