sample	hgmm_weight_mu170	hgmm_weight_mu340	hgmm_weight_mu500	hgmm_covar_mu170	hgmm_covar_mu340	hgmm_covar_mu500
TEST_sample1	0.9980217143	0.0019781687	0.0000001170	2396.5553133727	7155.3917758679	76145.3355226910
TEST_sample3	0.9977003415	0.0022975574	0.0000021011	959.1365557884	17826.3860192492	83170.0012722981
