c1	bin	normcountTEST_sample1	fpergTEST_sample1	gperhTEST_sample1	normcountTEST_sample3	fpergTEST_sample3	gperhTEST_sample3
20	1	1.146341463414634	1.44	15.0	0.9086595492289442	0.3013698630136986	97.33333333333333
20	2	1.1402439024390243	1.010989010989011	22.75	1.0913404507710558	0.22899728997289973	56.76923076923077
