"sample"	"mixmod_sigma_170"	"mixmod_sigma_340"	"mixmod_sigma_500"	"mixmod_sigma_min"	"mixmod_lambda_170"	"mixmod_lambda_340"	"mixmod_lambda_500"	"mixmod_lambda_min"	"mixmod_loglik"
"TEST_sample1"	0.27426	0.01987	1.33820	0.17480	0.85934	8.06446e-16	1.79660e-35	0.14065	-221.26765
"TEST_sample3"	0.11842	0.09048	0.59511	0.36011	0.85702	1.51254e-45	0.00206	0.14091	371.82268
