"sample"	"tmad_vs_control"	"tmad_vs_none"	"tmad_is_control"
"TEST_sample3"	0.004633125	0.004633125	FALSE
